../Core/Src/main.c:127:5:__io_putchar	16	static
../Core/Src/main.c:133:6:Task_Generator	296	static
../Core/Src/main.c:156:6:Task_Dispatcher	296	static
../Core/Src/main.c:199:6:Task_Police	296	static
../Core/Src/main.c:247:6:Task_Ambulance	296	static
../Core/Src/main.c:295:6:Task_FireDepartment	296	static
../Core/Src/main.c:343:6:Task_Logger	280	static
../Core/Src/main.c:361:5:main	16	static
../Core/Src/main.c:517:6:SystemClock_Config	88	static
../Core/Src/main.c:567:13:MX_ETH_Init	8	static
../Core/Src/main.c:616:13:MX_I2C1_Init	8	static
../Core/Src/main.c:664:13:MX_USART3_UART_Init	8	static
../Core/Src/main.c:699:13:MX_USB_OTG_FS_PCD_Init	8	static
../Core/Src/main.c:734:13:MX_GPIO_Init	56	static
../Core/Src/main.c:795:6:StartDefaultTask	16	static
../Core/Src/main.c:810:6:Error_Handler	4	static,ignoring_inline_asm
